Success: 438573ec-f304-4ac8-afcd-e9751e76d6ee